// Vitest Snapshot v1, https://vitest.dev/guide/snapshot.html

exports[`runScan — harness dispatch (Task 10) > 2. Claude byte-identical: corpus through runScan (no harness flag) matches snapshot; explicit harness:claude-code is identical 1`] = `
"harnessgap scan — repo: <REPO> · 14 sessions · mode: bootstrap
BASELINE — elevated (acute) · severity: unrated
  orientation 1 dirs / 1 files (floors 4 / 12) · over 13 with-edit sessions
  zero-edit (Q&A) sessions: 7% · acute struggle rate: 57% (threshold 30%)
  the typical session orients broadly before acting — worth investigating (cause undiagnosed)

AREA                             |  FLAGGED |  MEAN SCORE | TOP SIGNALS
src/auth                         |        1 |        47.8 | wall_clock_per_line(300s), corrections(2), oscillation(2)
src/util                         |        1 |        29.9 | wall_clock_per_line(300s), explore_ratio(3.3), corrections(2)
src/billing/invoice              |        1 |        29.9 | wall_clock_per_line(27s), explore_ratio(13.0), reread(5)
src/payments                     |        1 |        29.9 | wall_clock_per_line(300s), corrections(2), failure_streak(1)
src/billing                      |        1 |        29.9 | wall_clock_per_line(50s), explore_ratio(25.0), reread(5)
src/config                       |        1 |        29.9 | wall_clock_per_line(4s), reread(5), corrections(2)
src/db                           |        1 |        29.9 | wall_clock_per_line(300s), explore_ratio(10.0), reread(1)
src/api                          |        1 |        22.4 | wall_clock_per_line(50s), explore_ratio(25.0), abandonment(yes)
8 areas flagged · 4 unflagged · 0 unlocalized · bootstrap: 14 sessions"
`;
